<?xml version="1.0" encoding="UTF-8"?><mappingRoot xmlns="http://www.ibm.com/2008/ccl/Mapping" domainID="com.ibm.msl.mapping.xml" domainIDExtension="mb" mainMap="true" targetNamespace="default" version="8.0.5.0" xmlns:map="default">
    <inlinedXMLSchema><![CDATA[<?xml version="1.0" encoding="UTF-8"?><xsd:schema xmlns:xsd="http://www.w3.org/2001/XMLSchema">  
    <xsd:element name="Country" nillable="true" type="xsd:string"/>  
    <xsd:element name="LastName" nillable="true" type="xsd:string"/>  
    <xsd:element name="FirstName" nillable="true" type="xsd:string"/>  
    <xsd:element name="PrimaryKey" nillable="true" type="xsd:integer"/>  
</xsd:schema>]]></inlinedXMLSchema>
    <input path="jar:file://!com/ibm/etools/mft/map/xsds/predefined/JsonDomainMsg.xsd" var="var"/>
    <input path="jar:file://!com/ibm/msl/mapping/rdb/xsds/dbreturn.xsd" var="var3"/>
    <input inlinedXMLSchema="true" path="../schema_0.xsd" var="var2"/>
    <output path="jar:file://!com/ibm/etools/mft/map/xsds/predefined/JsonDomainMsg.xsd" var="var1"/>
    <output path="db:table(/USERS.dbm,USERS,MYSCHEMA,EMPLOYEES)" var="EMPLOYEES"/>
    <namespaces>
        <namespace kind="supplement" prefix="io" uri="http://www.ibm.com/iib/msl/json"/>
    </namespaces>
    <generation engine="xquery"/>
    <mappingDeclaration name="DatabaseMapping_Mapping">
        <input namespace="http://www.ibm.com/iib/msl/json" path="$var/mb:msg(JSON,assembly,JSON,Properties)" var="ComIbmMessageAssembly_JSON">
            <cast castType="userDefined" path="$ComIbmMessageAssembly_JSON/JSON/Data/type('anyType')" qualifier="{http://www.ibm.com/iib/msl/json}JSONObject" ref="var" var="anyType"/>
            <cast castType="userDefined" path="$ComIbmMessageAssembly_JSON/JSON/spath('Data',2)/any" qualifier="PrimaryKey" ref="var2" var="any"/>
            <cast castType="userDefined" path="$ComIbmMessageAssembly_JSON/JSON/spath('Data',2)/any" qualifier="FirstName" ref="var2" var="any1"/>
            <cast castType="userDefined" path="$ComIbmMessageAssembly_JSON/JSON/spath('Data',2)/any" qualifier="LastName" ref="var2" var="any2"/>
            <cast castType="userDefined" path="$ComIbmMessageAssembly_JSON/JSON/spath('Data',2)/any" qualifier="Country" ref="var2" var="any3"/>
        </input>
        <output namespace="http://www.ibm.com/iib/msl/json" path="$var1/mb:msg(JSON,assembly,JSON,Properties)" var="ComIbmMessageAssembly_JSON1">
            <cast castType="userDefined" path="$ComIbmMessageAssembly_JSON1/JSON/Data/type('anyType')" qualifier="{http://www.ibm.com/iib/msl/json}JSONObject" ref="var1" var="anyType1"/>
        </output>
        <output path="$EMPLOYEES/db:insert(fn:false(),PKEY,FIRSTNAME,LASTNAME,COUNTRY)" var="dbinsert"/>
        <move>
            <input path="$ComIbmMessageAssembly_JSON/Properties"/>
            <output path="$ComIbmMessageAssembly_JSON1/Properties"/>
        </move>
        <transaction>
            <insert ref="dbinsert">
                <input path="$ComIbmMessageAssembly_JSON/JSON/spath('Data',2)"/>
                <output path="$dbinsert/."/>
                <move>
                    <input path="PrimaryKey"/>
                    <output path="PKEY"/>
                </move>
                <move>
                    <input path="FirstName"/>
                    <output path="FIRSTNAME"/>
                </move>
                <move>
                    <input path="LastName"/>
                    <output path="LASTNAME"/>
                </move>
                <move>
                    <input path="Country"/>
                    <output path="COUNTRY"/>
                </move>
            </insert>
            <return>
                <input path="$var3/DBInsertReturn"/>
            </return>
        </transaction>
        <move>
            <input path="$ComIbmMessageAssembly_JSON/JSON"/>
            <output path="$ComIbmMessageAssembly_JSON1/JSON"/>
        </move>
    </mappingDeclaration>
</mappingRoot>